[debug] [2025-06-30T20:56:54.554Z] ----------------------------------------------------------------------
[debug] [2025-06-30T20:56:54.559Z] Command:       /nix/store/ixbb20farqh1f4fqbmsn6b1ixn8mc8ij-nodejs-20.18.1/bin/node /home/user/portfolio/node_modules/.bin/firebase init hosting
[debug] [2025-06-30T20:56:54.560Z] CLI Version:   14.9.0
[debug] [2025-06-30T20:56:54.560Z] Platform:      linux
[debug] [2025-06-30T20:56:54.561Z] Node Version:  v20.18.1
[debug] [2025-06-30T20:56:54.561Z] Time:          Mon Jun 30 2025 20:56:54 GMT+0000 (Coordinated Universal Time)
[debug] [2025-06-30T20:56:54.561Z] ----------------------------------------------------------------------
[debug] 
[debug] [2025-06-30T20:56:54.579Z] > command requires scopes: ["email","openid","https://www.googleapis.com/auth/cloudplatformprojects.readonly","https://www.googleapis.com/auth/firebase","https://www.googleapis.com/auth/cloud-platform"]
[debug] [2025-06-30T20:56:54.583Z] > authorizing via signed-in user (a.bentouati.free@gmail.com)
[info] 
     ######## #### ########  ######## ########     ###     ######  ########
     ##        ##  ##     ## ##       ##     ##  ##   ##  ##       ##
     ######    ##  ########  ######   ########  #########  ######  ######
     ##        ##  ##    ##  ##       ##     ## ##     ##       ## ##
     ##       #### ##     ## ######## ########  ##     ##  ######  ########

You're about to initialize a Firebase project in this directory:

  /home/user/portfolio

[info] 
=== Project Setup
[info] 
[info] First, let's associate this project directory with a Firebase project.
[info] You can create multiple project aliases by running firebase use --add, 
[info] but for now we'll just set up a default project.
[info] 
